Archive member included to satisfy reference by file (symbol)

/usr/lib/gcc/arm-none-eabi/6.3.1/../../../arm-none-eabi/lib/thumb/v7-m/libc.a(lib_a-atexit.o)
                              /usr/lib/gcc/arm-none-eabi/6.3.1/../../../arm-none-eabi/lib/thumb/v7-m/crt0.o (atexit)
/usr/lib/gcc/arm-none-eabi/6.3.1/../../../arm-none-eabi/lib/thumb/v7-m/libc.a(lib_a-exit.o)
                              /usr/lib/gcc/arm-none-eabi/6.3.1/../../../arm-none-eabi/lib/thumb/v7-m/crt0.o (exit)
/usr/lib/gcc/arm-none-eabi/6.3.1/../../../arm-none-eabi/lib/thumb/v7-m/libc.a(lib_a-fini.o)
                              /usr/lib/gcc/arm-none-eabi/6.3.1/../../../arm-none-eabi/lib/thumb/v7-m/crt0.o (__libc_fini_array)
/usr/lib/gcc/arm-none-eabi/6.3.1/../../../arm-none-eabi/lib/thumb/v7-m/libc.a(lib_a-impure.o)
                              /usr/lib/gcc/arm-none-eabi/6.3.1/../../../arm-none-eabi/lib/thumb/v7-m/libc.a(lib_a-exit.o) (_global_impure_ptr)
/usr/lib/gcc/arm-none-eabi/6.3.1/../../../arm-none-eabi/lib/thumb/v7-m/libc.a(lib_a-init.o)
                              /usr/lib/gcc/arm-none-eabi/6.3.1/../../../arm-none-eabi/lib/thumb/v7-m/crt0.o (__libc_init_array)
/usr/lib/gcc/arm-none-eabi/6.3.1/../../../arm-none-eabi/lib/thumb/v7-m/libc.a(lib_a-memset.o)
                              /usr/lib/gcc/arm-none-eabi/6.3.1/../../../arm-none-eabi/lib/thumb/v7-m/crt0.o (memset)
/usr/lib/gcc/arm-none-eabi/6.3.1/../../../arm-none-eabi/lib/thumb/v7-m/libc.a(lib_a-__atexit.o)
                              /usr/lib/gcc/arm-none-eabi/6.3.1/../../../arm-none-eabi/lib/thumb/v7-m/libc.a(lib_a-atexit.o) (__register_exitproc)
/usr/lib/gcc/arm-none-eabi/6.3.1/../../../arm-none-eabi/lib/thumb/v7-m/libc.a(lib_a-__call_atexit.o)
                              /usr/lib/gcc/arm-none-eabi/6.3.1/../../../arm-none-eabi/lib/thumb/v7-m/libc.a(lib_a-exit.o) (__call_exitprocs)
/usr/lib/gcc/arm-none-eabi/6.3.1/../../../arm-none-eabi/lib/thumb/v7-m/libnosys.a(_exit.o)
                              /usr/lib/gcc/arm-none-eabi/6.3.1/../../../arm-none-eabi/lib/thumb/v7-m/libc.a(lib_a-exit.o) (_exit)

Allocating common symbols
Common symbol       size              file

f_timer_2_end       0x1               build/tim2_delay.o

Discarded input sections

 .text          0x0000000000000000        0x0 /usr/lib/gcc/arm-none-eabi/6.3.1/thumb/v7-m/crti.o
 .data          0x0000000000000000        0x0 /usr/lib/gcc/arm-none-eabi/6.3.1/thumb/v7-m/crti.o
 .bss           0x0000000000000000        0x0 /usr/lib/gcc/arm-none-eabi/6.3.1/thumb/v7-m/crti.o
 .text          0x0000000000000000       0xa4 /usr/lib/gcc/arm-none-eabi/6.3.1/thumb/v7-m/crtbegin.o
 .data          0x0000000000000000        0x4 /usr/lib/gcc/arm-none-eabi/6.3.1/thumb/v7-m/crtbegin.o
 .bss           0x0000000000000000       0x1c /usr/lib/gcc/arm-none-eabi/6.3.1/thumb/v7-m/crtbegin.o
 .init_array    0x0000000000000000        0x4 /usr/lib/gcc/arm-none-eabi/6.3.1/thumb/v7-m/crtbegin.o
 .fini_array    0x0000000000000000        0x4 /usr/lib/gcc/arm-none-eabi/6.3.1/thumb/v7-m/crtbegin.o
 .eh_frame      0x0000000000000000        0x0 /usr/lib/gcc/arm-none-eabi/6.3.1/thumb/v7-m/crtbegin.o
 .jcr           0x0000000000000000        0x0 /usr/lib/gcc/arm-none-eabi/6.3.1/thumb/v7-m/crtbegin.o
 .tm_clone_table
                0x0000000000000000        0x0 /usr/lib/gcc/arm-none-eabi/6.3.1/thumb/v7-m/crtbegin.o
 .comment       0x0000000000000000       0x32 /usr/lib/gcc/arm-none-eabi/6.3.1/thumb/v7-m/crtbegin.o
 .ARM.attributes
                0x0000000000000000       0x2d /usr/lib/gcc/arm-none-eabi/6.3.1/thumb/v7-m/crtbegin.o
 .text          0x0000000000000000       0x68 /usr/lib/gcc/arm-none-eabi/6.3.1/../../../arm-none-eabi/lib/thumb/v7-m/crt0.o
 .data          0x0000000000000000        0x0 /usr/lib/gcc/arm-none-eabi/6.3.1/../../../arm-none-eabi/lib/thumb/v7-m/crt0.o
 .bss           0x0000000000000000        0x0 /usr/lib/gcc/arm-none-eabi/6.3.1/../../../arm-none-eabi/lib/thumb/v7-m/crt0.o
 .ARM.extab     0x0000000000000000        0x0 /usr/lib/gcc/arm-none-eabi/6.3.1/../../../arm-none-eabi/lib/thumb/v7-m/crt0.o
 .ARM.exidx     0x0000000000000000        0x8 /usr/lib/gcc/arm-none-eabi/6.3.1/../../../arm-none-eabi/lib/thumb/v7-m/crt0.o
 .debug_line    0x0000000000000000       0x81 /usr/lib/gcc/arm-none-eabi/6.3.1/../../../arm-none-eabi/lib/thumb/v7-m/crt0.o
 .debug_info    0x0000000000000000       0xaf /usr/lib/gcc/arm-none-eabi/6.3.1/../../../arm-none-eabi/lib/thumb/v7-m/crt0.o
 .debug_abbrev  0x0000000000000000       0x14 /usr/lib/gcc/arm-none-eabi/6.3.1/../../../arm-none-eabi/lib/thumb/v7-m/crt0.o
 .debug_aranges
                0x0000000000000000       0x20 /usr/lib/gcc/arm-none-eabi/6.3.1/../../../arm-none-eabi/lib/thumb/v7-m/crt0.o
 .ARM.attributes
                0x0000000000000000       0x1b /usr/lib/gcc/arm-none-eabi/6.3.1/../../../arm-none-eabi/lib/thumb/v7-m/crt0.o
 .text          0x0000000000000000        0xc /usr/lib/gcc/arm-none-eabi/6.3.1/../../../arm-none-eabi/lib/thumb/v7-m/libc.a(lib_a-atexit.o)
[...]
Memory Configuration

Name             Origin             Length             Attributes
RAM              0x0000000020000000 0x0000000000005000 xrw
FLASH            0x0000000008000000 0x0000000000010000 xr
FLASHB1          0x0000000000000000 0x0000000000000000 xr
EXTMEMB0         0x0000000000000000 0x0000000000000000 xr
EXTMEMB1         0x0000000000000000 0x0000000000000000 xr
EXTMEMB2         0x0000000000000000 0x0000000000000000 xr
EXTMEMB3         0x0000000000000000 0x0000000000000000 xr
*default*        0x0000000000000000 0xffffffffffffffff

Linker script and memory map

LOAD /usr/lib/gcc/arm-none-eabi/6.3.1/thumb/v7-m/crti.o
LOAD /usr/lib/gcc/arm-none-eabi/6.3.1/thumb/v7-m/crtbegin.o
LOAD /usr/lib/gcc/arm-none-eabi/6.3.1/../../../arm-none-eabi/lib/thumb/v7-m/crt0.o
                0x0000000000001000                __Stack_Size = 0x1000
                [!provide]                        PROVIDE (_Stack_Size, __Stack_Size)
                0x0000000020003fff                __Stack_Init = (_estack - __Stack_Size)
                [!provide]                        PROVIDE (_Stack_Init, __Stack_Init)
                0x0000000000000200                _Minimum_Stack_Size = 0x200
                0x0000000020004fff                _estack = 0x20004fff

.isr_vector     0x0000000008000000      0x10c
                0x0000000008000000                . = ALIGN (0x4)
 *(.isr_vector)
 .isr_vector    0x0000000008000000      0x10c ./src/startup.o
                0x0000000008000000                g_pfnVectors
                0x000000000800010c                . = ALIGN (0x4)

.flashtext      0x000000000800010c        0x0
                0x000000000800010c                . = ALIGN (0x4)
 *(.flashtext)
                0x000000000800010c                . = ALIGN (0x4)

.text           0x000000000800010c     0x8570
                0x000000000800010c                . = ALIGN (0x4)
 *(.text)
 *(.text.*)
 .text.Reset_Handler
                0x000000000800010c       0x44 ./src/startup.o
                0x000000000800010c                Reset_Handler
 .text.Default_Handler
                0x0000000008000150        0x2 ./src/startup.o
                0x0000000008000150                EXTI2_IRQHandler
                0x0000000008000150                DebugMon_Handler
                0x0000000008000150                TIM1_CC_IRQHandler
                0x0000000008000150                HardFault_Handler
                0x0000000008000150                SysTick_Handler
                0x0000000008000150                PVD_IRQHandler
                0x0000000008000150                PendSV_Handler
                0x0000000008000150                NMI_Handler
                0x0000000008000150                EXTI3_IRQHandler
                0x0000000008000150                EXTI0_IRQHandler
                0x0000000008000150                I2C2_EV_IRQHandler
                0x0000000008000150                UsageFault_Handler
                0x0000000008000150                ADC1_2_IRQHandler
                0x0000000008000150                SPI1_IRQHandler
                0x0000000008000150                TAMPER_IRQHandler
                0x0000000008000150                DMA1_Channel4_IRQHandler
                0x0000000008000150                USART3_IRQHandler
                0x0000000008000150                RTC_IRQHandler
                0x0000000008000150                DMA1_Channel7_IRQHandler
                0x0000000008000150                CAN1_RX1_IRQHandler
                0x0000000008000150                TIM4_IRQHandler
                0x0000000008000150                I2C1_EV_IRQHandler
                0x0000000008000150                DMA1_Channel6_IRQHandler
                0x0000000008000150                TIM3_IRQHandler
                0x0000000008000150                RCC_IRQHandler
                0x0000000008000150                TIM1_TRG_COM_IRQHandler
                0x0000000008000150                DMA1_Channel1_IRQHandler
                0x0000000008000150                Default_Handler
                0x0000000008000150                EXTI15_10_IRQHandler
                0x0000000008000150                EXTI9_5_IRQHandler
                0x0000000008000150                SPI2_IRQHandler
                0x0000000008000150                MemManage_Handler
                0x0000000008000150                SVC_Handler
                0x0000000008000150                DMA1_Channel5_IRQHandler
                0x0000000008000150                EXTI4_IRQHandler
                0x0000000008000150                USB_LP_CAN1_RX0_IRQHandler
                0x0000000008000150                USB_HP_CAN1_TX_IRQHandler
                0x0000000008000150                DMA1_Channel3_IRQHandler
                0x0000000008000150                TIM1_UP_IRQHandler
                0x0000000008000150                WWDG_IRQHandler
                0x0000000008000150                TIM1_BRK_IRQHandler
                0x0000000008000150                EXTI1_IRQHandler
                0x0000000008000150                RTCAlarm_IRQHandler
                0x0000000008000150                USART2_IRQHandler
                0x0000000008000150                I2C2_ER_IRQHandler
                0x0000000008000150                DMA1_Channel2_IRQHandler
                0x0000000008000150                CAN1_SCE_IRQHandler
                0x0000000008000150                FLASH_IRQHandler
                0x0000000008000150                BusFault_Handler
                0x0000000008000150                USART1_IRQHandler
                0x0000000008000150                I2C1_ER_IRQHandler
                0x0000000008000150                USBWakeUp_IRQHandler
 .text.SetSysClockToHSE
                0x0000000008000152       0x3a build/main.o
                0x0000000008000152                SetSysClockToHSE
 .text.wait_and_clear
                0x000000000800018c       0x2a build/main.o
                0x000000000800018c                wait_and_clear
 *fill*         0x00000000080001b6        0x2 
 .text.main     0x00000000080001b8      0x258 build/main.o
                0x00000000080001b8                main
 .text._sendData
                0x0000000008000410       0x1c build/SSD1331.o
                0x0000000008000410                _sendData
 .text._sendCmd
                0x000000000800042c       0x2c build/SSD1331.o
                0x000000000800042c                _sendCmd
 .text.SSD1331_init
                0x0000000008000458      0x1b4 build/SSD1331.o
                0x0000000008000458                SSD1331_init
 .text.SSD1331_drawPixel
                0x000000000800060c       0x64 build/SSD1331.o
                0x000000000800060c                SSD1331_drawPixel
 .text.SSD1331_drawLine
                0x0000000008000670       0x64 build/SSD1331.o
                0x0000000008000670                SSD1331_drawLine
 .text.SSD1331_drawFrame
                0x00000000080006d4       0x90 build/SSD1331.o
                0x00000000080006d4                SSD1331_drawFrame
 .text.SSD1331_drawCircle
                0x0000000008000764       0xf8 build/SSD1331.o
                0x0000000008000764                SSD1331_drawCircle
 .text.SSD1331_SetXY
                0x000000000800085c       0x14 build/SSD1331.o
                0x000000000800085c                SSD1331_SetXY
 .text.SSD1331_XY_INK
                0x0000000008000870       0x4c build/SSD1331.o
                0x0000000008000870                SSD1331_XY_INK
 .text.SSD1331_Chr
                0x00000000080008bc      0x22c build/SSD1331.o
                0x00000000080008bc                SSD1331_Chr
 .text.SSD1331_Str
                0x0000000008000ae8       0x2e build/SSD1331.o
                0x0000000008000ae8                SSD1331_Str
 .text.SSD1331_FStr
                0x0000000008000b16       0x28 build/SSD1331.o
                0x0000000008000b16                SSD1331_FStr
 *fill*         0x0000000008000b3e        0x2 
 .text.SSD1331_IMG
                0x0000000008000b40       0x8c build/SSD1331.o
                0x0000000008000b40                SSD1331_IMG
 .text.SSD1331_copyWindow
                0x0000000008000bcc       0x3a build/SSD1331.o
                0x0000000008000bcc                SSD1331_copyWindow
 .text.SSD1331_setScrolling
                0x0000000008000c06       0x5c build/SSD1331.o
                0x0000000008000c06                SSD1331_setScrolling
 .text.SSD1331_enableScrolling
                0x0000000008000c62       0x14 build/SSD1331.o
                0x0000000008000c62                SSD1331_enableScrolling
 .text.TIM2_init
                0x0000000008000c76       0x54 build/tim2_delay.o
                0x0000000008000c76                TIM2_init
 *fill*         0x0000000008000cca        0x2 
 .text.TIM2_IRQHandler
                0x0000000008000ccc       0x3c build/tim2_delay.o
                0x0000000008000ccc                TIM2_IRQHandler
 .text.delay_us
                0x0000000008000d08       0x4c build/tim2_delay.o
                0x0000000008000d08                delay_us
 .text.delay_ms
                0x0000000008000d54       0x50 build/tim2_delay.o
                0x0000000008000d54                delay_ms
 .text.NVIC_Init
                0x0000000008000da4       0x68 build/misc.o
                0x0000000008000da4                NVIC_Init
 .text.GPIO_Init
                0x0000000008000e0c       0x9e build/stm32f10x_gpio.o
                0x0000000008000e0c                GPIO_Init
 .text.GPIO_SetBits
                0x0000000008000eaa        0x4 build/stm32f10x_gpio.o
                0x0000000008000eaa                GPIO_SetBits
 .text.GPIO_ResetBits
                0x0000000008000eae        0x4 build/stm32f10x_gpio.o
                0x0000000008000eae                GPIO_ResetBits
 *fill*         0x0000000008000eb2        0x2 
 .text.RCC_DeInit
                0x0000000008000eb4       0x40 build/stm32f10x_rcc.o
                0x0000000008000eb4                RCC_DeInit
 .text.RCC_HSEConfig
                0x0000000008000ef4       0x3c build/stm32f10x_rcc.o
                0x0000000008000ef4                RCC_HSEConfig
 .text.RCC_SYSCLKConfig
                0x0000000008000f30       0x14 build/stm32f10x_rcc.o
                0x0000000008000f30                RCC_SYSCLKConfig
 .text.RCC_GetSYSCLKSource
                0x0000000008000f44       0x10 build/stm32f10x_rcc.o
                0x0000000008000f44                RCC_GetSYSCLKSource
 .text.RCC_HCLKConfig
                0x0000000008000f54       0x14 build/stm32f10x_rcc.o
                0x0000000008000f54                RCC_HCLKConfig
 .text.RCC_PCLK1Config
                0x0000000008000f68       0x14 build/stm32f10x_rcc.o
                0x0000000008000f68                RCC_PCLK1Config
 .text.RCC_PCLK2Config
                0x0000000008000f7c       0x14 build/stm32f10x_rcc.o
                0x0000000008000f7c                RCC_PCLK2Config
 .text.RCC_APB2PeriphClockCmd
                0x0000000008000f90       0x1c build/stm32f10x_rcc.o
                0x0000000008000f90                RCC_APB2PeriphClockCmd
 .text.RCC_APB1PeriphClockCmd
                0x0000000008000fac       0x1c build/stm32f10x_rcc.o
                0x0000000008000fac                RCC_APB1PeriphClockCmd
 .text.RCC_GetFlagStatus
                0x0000000008000fc8       0x34 build/stm32f10x_rcc.o
                0x0000000008000fc8                RCC_GetFlagStatus
 .text.RCC_WaitForHSEStartUp
                0x0000000008000ffc       0x34 build/stm32f10x_rcc.o
                0x0000000008000ffc                RCC_WaitForHSEStartUp
 .text.SPI_Init
                0x0000000008001030       0x4c build/stm32f10x_spi.o
                0x0000000008001030                SPI_Init
 .text.SPI_Cmd  0x000000000800107c       0x1c build/stm32f10x_spi.o
                0x000000000800107c                SPI_Cmd
 .text.SPI_I2S_SendData
                0x0000000008001098        0x4 build/stm32f10x_spi.o
                0x0000000008001098                SPI_I2S_SendData
 .text.SPI_NSSInternalSoftwareConfig
                0x000000000800109c       0x22 build/stm32f10x_spi.o
                0x000000000800109c                SPI_NSSInternalSoftwareConfig
 .text.SPI_I2S_GetFlagStatus
                0x00000000080010be        0xe build/stm32f10x_spi.o
                0x00000000080010be                SPI_I2S_GetFlagStatus
 .text.TIM_TimeBaseInit
                0x00000000080010cc       0x94 build/stm32f10x_tim.o
                0x00000000080010cc                TIM_TimeBaseInit
 .text.TIM_TimeBaseStructInit
                0x0000000008001160       0x12 build/stm32f10x_tim.o
                0x0000000008001160                TIM_TimeBaseStructInit
 .text.TIM_Cmd  0x0000000008001172       0x1c build/stm32f10x_tim.o
                0x0000000008001172                TIM_Cmd
 .text.TIM_ITConfig
                0x000000000800118e       0x18 build/stm32f10x_tim.o
                0x000000000800118e                TIM_ITConfig
 .text.TIM_SelectOnePulseMode
                0x00000000080011a6       0x16 build/stm32f10x_tim.o
                0x00000000080011a6                TIM_SelectOnePulseMode
 .text.TIM_ClearITPendingBit
                0x00000000080011bc        0x8 build/stm32f10x_tim.o
                0x00000000080011bc                TIM_ClearITPendingBit
 .text.SetSysClockTo72
                0x00000000080011c4       0xc4 build/system_stm32f10x.o
 .text.SetSysClock
                0x0000000008001288        0x8 build/system_stm32f10x.o
 .text.SystemInit
                0x0000000008001290       0x50 build/system_stm32f10x.o
                0x0000000008001290                SystemInit
 *(.rodata)
 *(.rodata*)
 .rodata.IMG0   0x00000000080012e0     0x3000 build/main.o
 .rodata.IMG1   0x00000000080042e0     0x2000 build/main.o
 .rodata.IMG2   0x00000000080062e0     0x1388 build/main.o
 .rodata.IMG3   0x0000000008007668      0x800 build/main.o
 .rodata.main.str1.4
                0x0000000008007e68       0x1c build/main.o
                                         0x19 (size before relaxing)
 .rodata.BigNumbers
                0x0000000008007e84       0xc8 build/SSD1331.o
 .rodata.FontLookup
                0x0000000008007f4c      0x320 build/SSD1331.o
 .rodata.LargeNumbers
                0x000000000800826c      0x410 build/SSD1331.o
 *(.glue_7)
 .glue_7        0x000000000800867c        0x0 linker stubs
 *(.glue_7t)
 .glue_7t       0x000000000800867c        0x0 linker stubs
                0x000000000800867c                . = ALIGN (0x4)
                0x000000000800867c                _etext = .
                0x000000000800867c                _sidata = _etext

.vfp11_veneer   0x000000000800867c        0x0
 .vfp11_veneer  0x000000000800867c        0x0 linker stubs

.v4_bx          0x000000000800867c        0x0
 .v4_bx         0x000000000800867c        0x0 linker stubs

.init           0x000000000800867c        0x4
 .init          0x000000000800867c        0x4 /usr/lib/gcc/arm-none-eabi/6.3.1/thumb/v7-m/crti.o
                0x000000000800867c                _init

.fini           0x0000000008008680        0x4
 .fini          0x0000000008008680        0x4 /usr/lib/gcc/arm-none-eabi/6.3.1/thumb/v7-m/crti.o
                0x0000000008008680                _fini

.iplt           0x0000000008008684        0x0
 .iplt          0x0000000008008684        0x0 /usr/lib/gcc/arm-none-eabi/6.3.1/thumb/v7-m/crtbegin.o

.rel.dyn        0x0000000008008684        0x0
 .rel.iplt      0x0000000008008684        0x0 /usr/lib/gcc/arm-none-eabi/6.3.1/thumb/v7-m/crtbegin.o

.data           0x0000000020000000        0x0 load address 0x000000000800867c
                0x0000000020000000                . = ALIGN (0x4)
                0x0000000020000000                _sdata = .
 *(.data)
 *(.data.*)
                0x0000000020000000                . = ALIGN (0x4)
                0x0000000020000000                _edata = .

.igot.plt       0x0000000020000000        0x0
 .igot.plt      0x0000000020000000        0x0 /usr/lib/gcc/arm-none-eabi/6.3.1/thumb/v7-m/crtbegin.o

.bss            0x0000000020000000        0x4
                0x0000000020000000                . = ALIGN (0x4)
                0x0000000020000000                _sbss = .
 *(.bss)
 *(.bss.*)
 .bss.CHR_X     0x0000000020000000        0x1 build/SSD1331.o
 .bss.CHR_Y     0x0000000020000001        0x1 build/SSD1331.o
 *(COMMON)
 COMMON         0x0000000020000002        0x1 build/tim2_delay.o
                0x0000000020000002                f_timer_2_end
                0x0000000020000004                . = ALIGN (0x4)
 *fill*         0x0000000020000003        0x1 
                0x0000000020000004                _ebss = .
                [!provide]                        PROVIDE (end, _ebss)
                [!provide]                        PROVIDE (_end, _ebss)

._usrstack      0x0000000020000004      0x200
                0x0000000020000004                . = ALIGN (0x4)
                0x0000000020000004                _susrstack = .
                0x0000000020000204                . = (. + _Minimum_Stack_Size)
 *fill*         0x0000000020000004      0x200 
                0x0000000020000204                . = ALIGN (0x4)
                0x0000000020000204                _eusrstack = .

.b1text
 *(.b1text)
 *(.b1rodata)
 *(.b1rodata*)

.eb0text
 *(.eb0text)
 *(.eb0rodata)
 *(.eb0rodata*)

.eb1text
 *(.eb1text)
 *(.eb1rodata)
 *(.eb1rodata*)

.eb2text
 *(.eb2text)
 *(.eb2rodata)
 *(.eb2rodata*)

.eb3text
 *(.eb3text)
 *(.eb3rodata)
 *(.eb3rodata*)
                0x0000000020000204                __exidx_start = .

.ARM.exidx
 *(.ARM.exidx* .gnu.linkonce.armexidx.*)
                0x0000000020000204                __exidx_end = .

DISCARD
 libc.a(*)
 libm.a(*)
 libgcc.a(*)

.stab
 *(.stab)

.stabstr
 *(.stabstr)

.stab.excl
 *(.stab.excl)

.stab.exclstr
 *(.stab.exclstr)

.stab.index
 *(.stab.index)

.stab.indexstr
 *(.stab.indexstr)

.comment        0x0000000000000000       0x31
 *(.comment)
 .comment       0x0000000000000000       0x31 build/main.o
                                         0x32 (size before relaxing)
 .comment       0x0000000000000031       0x32 build/SSD1331.o
 .comment       0x0000000000000031       0x32 build/tim2_delay.o
 .comment       0x0000000000000031       0x32 build/misc.o
 .comment       0x0000000000000031       0x32 build/stm32f10x_gpio.o
 .comment       0x0000000000000031       0x32 build/stm32f10x_rcc.o
 .comment       0x0000000000000031       0x32 build/stm32f10x_spi.o
 .comment       0x0000000000000031       0x32 build/stm32f10x_tim.o
 .comment       0x0000000000000031       0x32 build/system_stm32f10x.o

.ARM.attributes
                0x0000000000000000       0x29
 .ARM.attributes
                0x0000000000000000       0x1d /usr/lib/gcc/arm-none-eabi/6.3.1/thumb/v7-m/crti.o
 .ARM.attributes
                0x000000000000001d       0x21 ./src/startup.o
 .ARM.attributes
                0x000000000000003e       0x33 build/main.o
 .ARM.attributes
                0x0000000000000071       0x33 build/SSD1331.o
 .ARM.attributes
                0x00000000000000a4       0x33 build/tim2_delay.o
 .ARM.attributes
                0x00000000000000d7       0x33 build/misc.o
 .ARM.attributes
                0x000000000000010a       0x33 build/stm32f10x_gpio.o
 .ARM.attributes
                0x000000000000013d       0x33 build/stm32f10x_rcc.o
 .ARM.attributes
                0x0000000000000170       0x33 build/stm32f10x_spi.o
 .ARM.attributes
                0x00000000000001a3       0x33 build/stm32f10x_tim.o
 .ARM.attributes
                0x00000000000001d6       0x33 build/system_stm32f10x.o

.debug
 *(.debug)

.line
 *(.line)

.debug_srcinfo
 *(.debug_srcinfo)

.debug_sfnames
 *(.debug_sfnames)

.debug_aranges  0x0000000000000000      0x728
 *(.debug_aranges)
 .debug_aranges
                0x0000000000000000       0x40 build/main.o
 .debug_aranges
                0x0000000000000040       0xb8 build/SSD1331.o
 .debug_aranges
                0x00000000000000f8       0x38 build/tim2_delay.o
 .debug_aranges
                0x0000000000000130       0x40 build/misc.o
 .debug_aranges
                0x0000000000000170       0xa8 build/stm32f10x_gpio.o
 .debug_aranges
                0x0000000000000218      0x118 build/stm32f10x_rcc.o
 .debug_aranges
                0x0000000000000330       0xd0 build/stm32f10x_spi.o
 .debug_aranges
                0x0000000000000400      0x2f0 build/stm32f10x_tim.o
 .debug_aranges
                0x00000000000006f0       0x38 build/system_stm32f10x.o

.debug_pubnames
 *(.debug_pubnames)

.debug_info     0x0000000000000000     0x94b6
 *(.debug_info .gnu.linkonce.wi.*)
 .debug_info    0x0000000000000000     0x1df4 build/main.o
 .debug_info    0x0000000000001df4     0x2322 build/SSD1331.o
 .debug_info    0x0000000000004116      0x7cf build/tim2_delay.o
 .debug_info    0x00000000000048e5      0x5c5 build/misc.o
 .debug_info    0x0000000000004eaa      0x911 build/stm32f10x_gpio.o
 .debug_info    0x00000000000057bb      0x98c build/stm32f10x_rcc.o
 .debug_info    0x0000000000006147      0xa92 build/stm32f10x_spi.o
 .debug_info    0x0000000000006bd9     0x23b0 build/stm32f10x_tim.o
 .debug_info    0x0000000000008f89      0x52d build/system_stm32f10x.o

.debug_abbrev   0x0000000000000000     0x12c7
 *(.debug_abbrev)
 .debug_abbrev  0x0000000000000000      0x2e6 build/main.o
 .debug_abbrev  0x00000000000002e6      0x30b build/SSD1331.o
 .debug_abbrev  0x00000000000005f1      0x179 build/tim2_delay.o
 .debug_abbrev  0x000000000000076a      0x17f build/misc.o
 .debug_abbrev  0x00000000000008e9      0x21d build/stm32f10x_gpio.o
 .debug_abbrev  0x0000000000000b06      0x22d build/stm32f10x_rcc.o
 .debug_abbrev  0x0000000000000d33      0x1fa build/stm32f10x_spi.o
 .debug_abbrev  0x0000000000000f2d      0x226 build/stm32f10x_tim.o
 .debug_abbrev  0x0000000000001153      0x174 build/system_stm32f10x.o

.debug_line     0x0000000000000000     0x1e8b
 *(.debug_line)
 .debug_line    0x0000000000000000      0x286 build/main.o
 .debug_line    0x0000000000000286      0x494 build/SSD1331.o
 .debug_line    0x000000000000071a      0x16a build/tim2_delay.o
 .debug_line    0x0000000000000884      0x153 build/misc.o
 .debug_line    0x00000000000009d7      0x2cd build/stm32f10x_gpio.o
 .debug_line    0x0000000000000ca4      0x3a9 build/stm32f10x_rcc.o
 .debug_line    0x000000000000104d      0x30f build/stm32f10x_spi.o
 .debug_line    0x000000000000135c      0x9b5 build/stm32f10x_tim.o
 .debug_line    0x0000000000001d11      0x17a build/system_stm32f10x.o

.debug_frame    0x0000000000000000     0x11c8
 *(.debug_frame)
 .debug_frame   0x0000000000000000       0x98 build/main.o
 .debug_frame   0x0000000000000098      0x2fc build/SSD1331.o
 .debug_frame   0x0000000000000394       0x8c build/tim2_delay.o
 .debug_frame   0x0000000000000420       0x6c build/misc.o
 .debug_frame   0x000000000000048c      0x188 build/stm32f10x_gpio.o
 .debug_frame   0x0000000000000614      0x230 build/stm32f10x_rcc.o
 .debug_frame   0x0000000000000844      0x1d4 build/stm32f10x_spi.o
 .debug_frame   0x0000000000000a18      0x73c build/stm32f10x_tim.o
 .debug_frame   0x0000000000001154       0x74 build/system_stm32f10x.o

.debug_str      0x0000000000000000     0x2578
 *(.debug_str)
 .debug_str     0x0000000000000000      0x932 build/main.o
                                        0x99e (size before relaxing)
 .debug_str     0x0000000000000932      0x340 build/SSD1331.o
                                        0xb63 (size before relaxing)
 .debug_str     0x0000000000000c72      0x557 build/tim2_delay.o
                                        0x754 (size before relaxing)
 .debug_str     0x00000000000011c9      0x187 build/misc.o
                                        0x3b2 (size before relaxing)
 .debug_str     0x0000000000001350      0x23c build/stm32f10x_gpio.o
                                        0x524 (size before relaxing)
 .debug_str     0x000000000000158c      0x346 build/stm32f10x_rcc.o
                                        0x60e (size before relaxing)
 .debug_str     0x00000000000018d2      0x257 build/stm32f10x_spi.o
                                        0x631 (size before relaxing)
 .debug_str     0x0000000000001b29      0x9d0 build/stm32f10x_tim.o
                                        0xdff (size before relaxing)
 .debug_str     0x00000000000024f9       0x7f build/system_stm32f10x.o
                                        0x2d3 (size before relaxing)

.debug_loc      0x0000000000000000     0x45c9
 *(.debug_loc)
 .debug_loc     0x0000000000000000      0x181 build/main.o
 .debug_loc     0x0000000000000181      0xdd3 build/SSD1331.o
 .debug_loc     0x0000000000000f54       0xda build/tim2_delay.o
 .debug_loc     0x000000000000102e      0x131 build/misc.o
 .debug_loc     0x000000000000115f      0x6c9 build/stm32f10x_gpio.o
 .debug_loc     0x0000000000001828      0x74c build/stm32f10x_rcc.o
 .debug_loc     0x0000000000001f74      0x6d9 build/stm32f10x_spi.o
 .debug_loc     0x000000000000264d     0x1e25 build/stm32f10x_tim.o
 .debug_loc     0x0000000000004472      0x157 build/system_stm32f10x.o

.debug_macinfo
 *(.debug_macinfo)

.debug_weaknames
 *(.debug_weaknames)

.debug_funcnames
 *(.debug_funcnames)

.debug_typenames
 *(.debug_typenames)

.debug_varnames
 *(.debug_varnames)
LOAD /usr/lib/gcc/arm-none-eabi/6.3.1/../../../arm-none-eabi/lib/thumb/v7-m/libc.a
LOAD /usr/lib/gcc/arm-none-eabi/6.3.1/../../../arm-none-eabi/lib/thumb/v7-m/libm.a
LOAD /usr/lib/gcc/arm-none-eabi/6.3.1/../../../arm-none-eabi/lib/thumb/v7-m/libnosys.a
LOAD ./src/startup.o
LOAD build/main.o
LOAD build/SSD1331.o
LOAD build/tim2_delay.o
LOAD build/misc.o
LOAD build/stm32f10x_adc.o
LOAD build/stm32f10x_bkp.o
LOAD build/stm32f10x_crc.o
LOAD build/stm32f10x_dma.o
LOAD build/stm32f10x_exti.o
LOAD build/stm32f10x_flash.o
LOAD build/stm32f10x_gpio.o
LOAD build/stm32f10x_rcc.o
LOAD build/stm32f10x_rtc.o
LOAD build/stm32f10x_spi.o
LOAD build/stm32f10x_tim.o
LOAD build/stm32f10x_usart.o
LOAD build/system_stm32f10x.o
START GROUP
LOAD /usr/lib/gcc/arm-none-eabi/6.3.1/thumb/v7-m/libgcc.a
LOAD /usr/lib/gcc/arm-none-eabi/6.3.1/../../../arm-none-eabi/lib/thumb/v7-m/libc.a
END GROUP
LOAD /usr/lib/gcc/arm-none-eabi/6.3.1/thumb/v7-m/crtend.o
LOAD /usr/lib/gcc/arm-none-eabi/6.3.1/thumb/v7-m/crtn.o
OUTPUT(build/main.elf elf32-littlearm)

.debug_ranges   0x0000000000000000      0x698
 .debug_ranges  0x0000000000000000       0x30 build/main.o
 .debug_ranges  0x0000000000000030       0xa8 build/SSD1331.o
 .debug_ranges  0x00000000000000d8       0x28 build/tim2_delay.o
 .debug_ranges  0x0000000000000100       0x30 build/misc.o
 .debug_ranges  0x0000000000000130       0x98 build/stm32f10x_gpio.o
 .debug_ranges  0x00000000000001c8      0x108 build/stm32f10x_rcc.o
 .debug_ranges  0x00000000000002d0       0xc0 build/stm32f10x_spi.o
 .debug_ranges  0x0000000000000390      0x2e0 build/stm32f10x_tim.o
 .debug_ranges  0x0000000000000670       0x28 build/system_stm32f10x.o

Cross Reference Table

Symbol                                            File
ADC1_2_IRQHandler                                 ./src/startup.o
ADC_AnalogWatchdogCmd                             build/stm32f10x_adc.o
ADC_AnalogWatchdogSingleChannelConfig             build/stm32f10x_adc.o
ADC_AnalogWatchdogThresholdsConfig                build/stm32f10x_adc.o
ADC_AutoInjectedConvCmd                           build/stm32f10x_adc.o
ADC_ClearFlag                                     build/stm32f10x_adc.o
ADC_ClearITPendingBit                             build/stm32f10x_adc.o
ADC_Cmd                                           build/stm32f10x_adc.o
ADC_DMACmd                                        build/stm32f10x_adc.o
ADC_DeInit                                        build/stm32f10x_adc.o
ADC_DiscModeChannelCountConfig                    build/stm32f10x_adc.o
ADC_DiscModeCmd                                   build/stm32f10x_adc.o
ADC_ExternalTrigConvCmd                           build/stm32f10x_adc.o
ADC_ExternalTrigInjectedConvCmd                   build/stm32f10x_adc.o
ADC_ExternalTrigInjectedConvConfig                build/stm32f10x_adc.o
ADC_GetCalibrationStatus                          build/stm32f10x_adc.o
ADC_GetConversionValue                            build/stm32f10x_adc.o
ADC_GetDualModeConversionValue                    build/stm32f10x_adc.o
ADC_GetFlagStatus                                 build/stm32f10x_adc.o
ADC_GetITStatus                                   build/stm32f10x_adc.o
ADC_GetInjectedConversionValue                    build/stm32f10x_adc.o
ADC_GetResetCalibrationStatus                     build/stm32f10x_adc.o
ADC_GetSoftwareStartConvStatus                    build/stm32f10x_adc.o
ADC_GetSoftwareStartInjectedConvCmdStatus         build/stm32f10x_adc.o
ADC_ITConfig                                      build/stm32f10x_adc.o
ADC_Init                                          build/stm32f10x_adc.o
ADC_InjectedChannelConfig                         build/stm32f10x_adc.o
ADC_InjectedDiscModeCmd                           build/stm32f10x_adc.o
ADC_InjectedSequencerLengthConfig                 build/stm32f10x_adc.o
ADC_RegularChannelConfig                          build/stm32f10x_adc.o
ADC_ResetCalibration                              build/stm32f10x_adc.o
ADC_SetInjectedOffset                             build/stm32f10x_adc.o
ADC_SoftwareStartConvCmd                          build/stm32f10x_adc.o
ADC_SoftwareStartInjectedConvCmd                  build/stm32f10x_adc.o
ADC_StartCalibration                              build/stm32f10x_adc.o
ADC_StructInit                                    build/stm32f10x_adc.o
ADC_TempSensorVrefintCmd                          build/stm32f10x_adc.o
AHBPrescTable                                     build/system_stm32f10x.o
BKP_ClearFlag                                     build/stm32f10x_bkp.o
BKP_ClearITPendingBit                             build/stm32f10x_bkp.o
BKP_DeInit                                        build/stm32f10x_bkp.o
BKP_GetFlagStatus                                 build/stm32f10x_bkp.o
BKP_GetITStatus                                   build/stm32f10x_bkp.o
BKP_ITConfig                                      build/stm32f10x_bkp.o
BKP_RTCOutputConfig                               build/stm32f10x_bkp.o
BKP_ReadBackupRegister                            build/stm32f10x_bkp.o
BKP_SetRTCCalibrationValue                        build/stm32f10x_bkp.o
BKP_TamperPinCmd                                  build/stm32f10x_bkp.o
BKP_TamperPinLevelConfig                          build/stm32f10x_bkp.o
BKP_WriteBackupRegister                           build/stm32f10x_bkp.o
BusFault_Handler                                  ./src/startup.o
CAN1_RX1_IRQHandler                               ./src/startup.o
CAN1_SCE_IRQHandler                               ./src/startup.o
CRC_CalcBlockCRC                                  build/stm32f10x_crc.o
CRC_CalcCRC                                       build/stm32f10x_crc.o
CRC_GetCRC                                        build/stm32f10x_crc.o
CRC_GetIDRegister                                 build/stm32f10x_crc.o
CRC_ResetDR                                       build/stm32f10x_crc.o
CRC_SetIDRegister                                 build/stm32f10x_crc.o
DMA1_Channel1_IRQHandler                          ./src/startup.o
DMA1_Channel2_IRQHandler                          ./src/startup.o
DMA1_Channel3_IRQHandler                          ./src/startup.o
DMA1_Channel4_IRQHandler                          ./src/startup.o
DMA1_Channel5_IRQHandler                          ./src/startup.o
DMA1_Channel6_IRQHandler                          ./src/startup.o
DMA1_Channel7_IRQHandler                          ./src/startup.o
DMA_ClearFlag                                     build/stm32f10x_dma.o
DMA_ClearITPendingBit                             build/stm32f10x_dma.o
DMA_Cmd                                           build/stm32f10x_dma.o
DMA_DeInit                                        build/stm32f10x_dma.o
DMA_GetCurrDataCounter                            build/stm32f10x_dma.o
DMA_GetFlagStatus                                 build/stm32f10x_dma.o
DMA_GetITStatus                                   build/stm32f10x_dma.o
DMA_ITConfig                                      build/stm32f10x_dma.o
DMA_Init                                          build/stm32f10x_dma.o
DMA_SetCurrDataCounter                            build/stm32f10x_dma.o
DMA_StructInit                                    build/stm32f10x_dma.o
DebugMon_Handler                                  ./src/startup.o
Default_Handler                                   ./src/startup.o
EXTI0_IRQHandler                                  ./src/startup.o
EXTI15_10_IRQHandler                              ./src/startup.o
EXTI1_IRQHandler                                  ./src/startup.o
EXTI2_IRQHandler                                  ./src/startup.o
EXTI3_IRQHandler                                  ./src/startup.o
EXTI4_IRQHandler                                  ./src/startup.o
EXTI9_5_IRQHandler                                ./src/startup.o
EXTI_ClearFlag                                    build/stm32f10x_exti.o
EXTI_ClearITPendingBit                            build/stm32f10x_exti.o
EXTI_DeInit                                       build/stm32f10x_exti.o
EXTI_GenerateSWInterrupt                          build/stm32f10x_exti.o
EXTI_GetFlagStatus                                build/stm32f10x_exti.o
EXTI_GetITStatus                                  build/stm32f10x_exti.o
EXTI_Init                                         build/stm32f10x_exti.o
EXTI_StructInit                                   build/stm32f10x_exti.o
FLASH_ClearFlag                                   build/stm32f10x_flash.o
FLASH_EnableWriteProtection                       build/stm32f10x_flash.o
FLASH_EraseAllBank1Pages                          build/stm32f10x_flash.o
FLASH_EraseAllPages                               build/stm32f10x_flash.o
FLASH_EraseOptionBytes                            build/stm32f10x_flash.o
FLASH_ErasePage                                   build/stm32f10x_flash.o
FLASH_GetBank1Status                              build/stm32f10x_flash.o
FLASH_GetFlagStatus                               build/stm32f10x_flash.o
FLASH_GetPrefetchBufferStatus                     build/stm32f10x_flash.o
FLASH_GetReadOutProtectionStatus                  build/stm32f10x_flash.o
FLASH_GetStatus                                   build/stm32f10x_flash.o
FLASH_GetUserOptionByte                           build/stm32f10x_flash.o
FLASH_GetWriteProtectionOptionByte                build/stm32f10x_flash.o
FLASH_HalfCycleAccessCmd                          build/stm32f10x_flash.o
FLASH_IRQHandler                                  ./src/startup.o
FLASH_ITConfig                                    build/stm32f10x_flash.o
FLASH_Lock                                        build/stm32f10x_flash.o
FLASH_LockBank1                                   build/stm32f10x_flash.o
FLASH_PrefetchBufferCmd                           build/stm32f10x_flash.o
FLASH_ProgramHalfWord                             build/stm32f10x_flash.o
FLASH_ProgramOptionByteData                       build/stm32f10x_flash.o
FLASH_ProgramWord                                 build/stm32f10x_flash.o
FLASH_ReadOutProtection                           build/stm32f10x_flash.o
FLASH_SetLatency                                  build/stm32f10x_flash.o
FLASH_Unlock                                      build/stm32f10x_flash.o
FLASH_UnlockBank1                                 build/stm32f10x_flash.o
FLASH_UserOptionByteConfig                        build/stm32f10x_flash.o
FLASH_WaitForLastBank1Operation                   build/stm32f10x_flash.o
FLASH_WaitForLastOperation                        build/stm32f10x_flash.o
GPIO_AFIODeInit                                   build/stm32f10x_gpio.o
GPIO_DeInit                                       build/stm32f10x_gpio.o
GPIO_ETH_MediaInterfaceConfig                     build/stm32f10x_gpio.o
GPIO_EXTILineConfig                               build/stm32f10x_gpio.o
GPIO_EventOutputCmd                               build/stm32f10x_gpio.o
GPIO_EventOutputConfig                            build/stm32f10x_gpio.o
GPIO_Init                                         build/stm32f10x_gpio.o
                                                  build/SSD1331.o
                                                  build/main.o
GPIO_PinLockConfig                                build/stm32f10x_gpio.o
GPIO_PinRemapConfig                               build/stm32f10x_gpio.o
GPIO_ReadInputData                                build/stm32f10x_gpio.o
GPIO_ReadInputDataBit                             build/stm32f10x_gpio.o
GPIO_ReadOutputData                               build/stm32f10x_gpio.o
GPIO_ReadOutputDataBit                            build/stm32f10x_gpio.o
GPIO_ResetBits                                    build/stm32f10x_gpio.o
                                                  build/SSD1331.o
GPIO_SetBits                                      build/stm32f10x_gpio.o
                                                  build/SSD1331.o
GPIO_StructInit                                   build/stm32f10x_gpio.o
GPIO_Write                                        build/stm32f10x_gpio.o
GPIO_WriteBit                                     build/stm32f10x_gpio.o
HardFault_Handler                                 ./src/startup.o
I2C1_ER_IRQHandler                                ./src/startup.o
I2C1_EV_IRQHandler                                ./src/startup.o
I2C2_ER_IRQHandler                                ./src/startup.o
I2C2_EV_IRQHandler                                ./src/startup.o
I2S_Cmd                                           build/stm32f10x_spi.o
I2S_Init                                          build/stm32f10x_spi.o
I2S_StructInit                                    build/stm32f10x_spi.o
MemManage_Handler                                 ./src/startup.o
NMI_Handler                                       ./src/startup.o
NVIC_Init                                         build/misc.o
                                                  build/tim2_delay.o
NVIC_PriorityGroupConfig                          build/misc.o
NVIC_SetVectorTable                               build/misc.o
NVIC_SystemLPConfig                               build/misc.o
PVD_IRQHandler                                    ./src/startup.o
PendSV_Handler                                    ./src/startup.o
RCC_ADCCLKConfig                                  build/stm32f10x_rcc.o
RCC_AHBPeriphClockCmd                             build/stm32f10x_rcc.o
RCC_APB1PeriphClockCmd                            build/stm32f10x_rcc.o
                                                  build/tim2_delay.o
RCC_APB1PeriphResetCmd                            build/stm32f10x_rcc.o
                                                  build/stm32f10x_usart.o
                                                  build/stm32f10x_tim.o
                                                  build/stm32f10x_spi.o
RCC_APB2PeriphClockCmd                            build/stm32f10x_rcc.o
                                                  build/SSD1331.o
                                                  build/main.o
RCC_APB2PeriphResetCmd                            build/stm32f10x_rcc.o
                                                  build/stm32f10x_usart.o
                                                  build/stm32f10x_tim.o
                                                  build/stm32f10x_spi.o
                                                  build/stm32f10x_gpio.o
                                                  build/stm32f10x_adc.o
RCC_AdjustHSICalibrationValue                     build/stm32f10x_rcc.o
RCC_BackupResetCmd                                build/stm32f10x_rcc.o
                                                  build/stm32f10x_bkp.o
RCC_ClearFlag                                     build/stm32f10x_rcc.o
RCC_ClearITPendingBit                             build/stm32f10x_rcc.o
RCC_ClockSecuritySystemCmd                        build/stm32f10x_rcc.o
RCC_DeInit                                        build/stm32f10x_rcc.o
                                                  build/main.o
RCC_GetClocksFreq                                 build/stm32f10x_rcc.o
                                                  build/stm32f10x_usart.o
                                                  build/stm32f10x_spi.o
RCC_GetFlagStatus                                 build/stm32f10x_rcc.o
RCC_GetITStatus                                   build/stm32f10x_rcc.o
RCC_GetSYSCLKSource                               build/stm32f10x_rcc.o
                                                  build/main.o
RCC_HCLKConfig                                    build/stm32f10x_rcc.o
                                                  build/main.o
RCC_HSEConfig                                     build/stm32f10x_rcc.o
                                                  build/main.o
RCC_HSICmd                                        build/stm32f10x_rcc.o
RCC_IRQHandler                                    ./src/startup.o
RCC_ITConfig                                      build/stm32f10x_rcc.o
RCC_LSEConfig                                     build/stm32f10x_rcc.o
RCC_LSICmd                                        build/stm32f10x_rcc.o
RCC_MCOConfig                                     build/stm32f10x_rcc.o
RCC_PCLK1Config                                   build/stm32f10x_rcc.o
                                                  build/main.o
RCC_PCLK2Config                                   build/stm32f10x_rcc.o
                                                  build/main.o
RCC_PLLCmd                                        build/stm32f10x_rcc.o
RCC_PLLConfig                                     build/stm32f10x_rcc.o
RCC_RTCCLKCmd                                     build/stm32f10x_rcc.o
RCC_RTCCLKConfig                                  build/stm32f10x_rcc.o
RCC_SYSCLKConfig                                  build/stm32f10x_rcc.o
                                                  build/main.o
RCC_USBCLKConfig                                  build/stm32f10x_rcc.o
RCC_WaitForHSEStartUp                             build/stm32f10x_rcc.o
                                                  build/main.o
RTCAlarm_IRQHandler                               ./src/startup.o
RTC_ClearFlag                                     build/stm32f10x_rtc.o
RTC_ClearITPendingBit                             build/stm32f10x_rtc.o
RTC_EnterConfigMode                               build/stm32f10x_rtc.o
RTC_ExitConfigMode                                build/stm32f10x_rtc.o
RTC_GetCounter                                    build/stm32f10x_rtc.o
RTC_GetDivider                                    build/stm32f10x_rtc.o
RTC_GetFlagStatus                                 build/stm32f10x_rtc.o
RTC_GetITStatus                                   build/stm32f10x_rtc.o
RTC_IRQHandler                                    ./src/startup.o
RTC_ITConfig                                      build/stm32f10x_rtc.o
RTC_SetAlarm                                      build/stm32f10x_rtc.o
RTC_SetCounter                                    build/stm32f10x_rtc.o
RTC_SetPrescaler                                  build/stm32f10x_rtc.o
RTC_WaitForLastTask                               build/stm32f10x_rtc.o
RTC_WaitForSynchro                                build/stm32f10x_rtc.o
Reset_Handler                                     ./src/startup.o
SPI1_IRQHandler                                   ./src/startup.o
SPI2_IRQHandler                                   ./src/startup.o
SPI_BiDirectionalLineConfig                       build/stm32f10x_spi.o
SPI_CalculateCRC                                  build/stm32f10x_spi.o
SPI_Cmd                                           build/stm32f10x_spi.o
                                                  build/SSD1331.o
SPI_DataSizeConfig                                build/stm32f10x_spi.o
SPI_GetCRC                                        build/stm32f10x_spi.o
SPI_GetCRCPolynomial                              build/stm32f10x_spi.o
SPI_I2S_ClearFlag                                 build/stm32f10x_spi.o
SPI_I2S_ClearITPendingBit                         build/stm32f10x_spi.o
SPI_I2S_DMACmd                                    build/stm32f10x_spi.o
SPI_I2S_DeInit                                    build/stm32f10x_spi.o
SPI_I2S_GetFlagStatus                             build/stm32f10x_spi.o
                                                  build/SSD1331.o
SPI_I2S_GetITStatus                               build/stm32f10x_spi.o
SPI_I2S_ITConfig                                  build/stm32f10x_spi.o
SPI_I2S_ReceiveData                               build/stm32f10x_spi.o
SPI_I2S_SendData                                  build/stm32f10x_spi.o
                                                  build/SSD1331.o
SPI_Init                                          build/stm32f10x_spi.o
                                                  build/SSD1331.o
SPI_NSSInternalSoftwareConfig                     build/stm32f10x_spi.o
                                                  build/SSD1331.o
SPI_SSOutputCmd                                   build/stm32f10x_spi.o
SPI_StructInit                                    build/stm32f10x_spi.o
SPI_TransmitCRC                                   build/stm32f10x_spi.o
SSD1331_Chr                                       build/SSD1331.o
                                                  build/main.o
SSD1331_FStr                                      build/SSD1331.o
                                                  build/main.o
SSD1331_IMG                                       build/SSD1331.o
                                                  build/main.o
SSD1331_SetXY                                     build/SSD1331.o
                                                  build/main.o
SSD1331_Str                                       build/SSD1331.o
                                                  build/main.o
SSD1331_XY_INK                                    build/SSD1331.o
                                                  build/main.o
SSD1331_clearWindow                               build/SSD1331.o
SSD1331_copyWindow                                build/SSD1331.o
                                                  build/main.o
SSD1331_dimWindow                                 build/SSD1331.o
SSD1331_drawCircle                                build/SSD1331.o
                                                  build/main.o
SSD1331_drawFrame                                 build/SSD1331.o
                                                  build/main.o
SSD1331_drawLine                                  build/SSD1331.o
                                                  build/main.o
SSD1331_drawPixel                                 build/SSD1331.o
SSD1331_enableScrolling                           build/SSD1331.o
                                                  build/main.o
SSD1331_init                                      build/SSD1331.o
                                                  build/main.o
SSD1331_setDisplayMode                            build/SSD1331.o
SSD1331_setDisplayPower                           build/SSD1331.o
SSD1331_setScrolling                              build/SSD1331.o
                                                  build/main.o
SVC_Handler                                       ./src/startup.o
SetSysClockToHSE                                  build/main.o
SysTick_CLKSourceConfig                           build/misc.o
SysTick_Handler                                   ./src/startup.o
SystemCoreClock                                   build/system_stm32f10x.o
SystemCoreClockUpdate                             build/system_stm32f10x.o
SystemInit                                        build/system_stm32f10x.o
                                                  ./src/startup.o
TAMPER_IRQHandler                                 ./src/startup.o
TIM1_BRK_IRQHandler                               ./src/startup.o
TIM1_CC_IRQHandler                                ./src/startup.o
TIM1_TRG_COM_IRQHandler                           ./src/startup.o
TIM1_UP_IRQHandler                                ./src/startup.o
TIM2_IRQHandler                                   build/tim2_delay.o
                                                  ./src/startup.o
TIM2_init                                         build/tim2_delay.o
                                                  build/main.o
TIM3_IRQHandler                                   ./src/startup.o
TIM4_IRQHandler                                   ./src/startup.o
TIM_ARRPreloadConfig                              build/stm32f10x_tim.o
TIM_BDTRConfig                                    build/stm32f10x_tim.o
TIM_BDTRStructInit                                build/stm32f10x_tim.o
TIM_CCPreloadControl                              build/stm32f10x_tim.o
TIM_CCxCmd                                        build/stm32f10x_tim.o
TIM_CCxNCmd                                       build/stm32f10x_tim.o
TIM_ClearFlag                                     build/stm32f10x_tim.o
TIM_ClearITPendingBit                             build/stm32f10x_tim.o
                                                  build/tim2_delay.o
TIM_ClearOC1Ref                                   build/stm32f10x_tim.o
TIM_ClearOC2Ref                                   build/stm32f10x_tim.o
TIM_ClearOC3Ref                                   build/stm32f10x_tim.o
TIM_ClearOC4Ref                                   build/stm32f10x_tim.o
TIM_Cmd                                           build/stm32f10x_tim.o
                                                  build/tim2_delay.o
TIM_CounterModeConfig                             build/stm32f10x_tim.o
TIM_CtrlPWMOutputs                                build/stm32f10x_tim.o
TIM_DMACmd                                        build/stm32f10x_tim.o
TIM_DMAConfig                                     build/stm32f10x_tim.o
TIM_DeInit                                        build/stm32f10x_tim.o
TIM_ETRClockMode1Config                           build/stm32f10x_tim.o
TIM_ETRClockMode2Config                           build/stm32f10x_tim.o
TIM_ETRConfig                                     build/stm32f10x_tim.o
TIM_EncoderInterfaceConfig                        build/stm32f10x_tim.o
TIM_ForcedOC1Config                               build/stm32f10x_tim.o
TIM_ForcedOC2Config                               build/stm32f10x_tim.o
TIM_ForcedOC3Config                               build/stm32f10x_tim.o
TIM_ForcedOC4Config                               build/stm32f10x_tim.o
TIM_GenerateEvent                                 build/stm32f10x_tim.o
TIM_GetCapture1                                   build/stm32f10x_tim.o
TIM_GetCapture2                                   build/stm32f10x_tim.o
TIM_GetCapture3                                   build/stm32f10x_tim.o
TIM_GetCapture4                                   build/stm32f10x_tim.o
TIM_GetCounter                                    build/stm32f10x_tim.o
TIM_GetFlagStatus                                 build/stm32f10x_tim.o
TIM_GetITStatus                                   build/stm32f10x_tim.o
TIM_GetPrescaler                                  build/stm32f10x_tim.o
TIM_ICInit                                        build/stm32f10x_tim.o
TIM_ICStructInit                                  build/stm32f10x_tim.o
TIM_ITConfig                                      build/stm32f10x_tim.o
                                                  build/tim2_delay.o
TIM_ITRxExternalClockConfig                       build/stm32f10x_tim.o
TIM_InternalClockConfig                           build/stm32f10x_tim.o
TIM_OC1FastConfig                                 build/stm32f10x_tim.o
TIM_OC1Init                                       build/stm32f10x_tim.o
TIM_OC1NPolarityConfig                            build/stm32f10x_tim.o
TIM_OC1PolarityConfig                             build/stm32f10x_tim.o
TIM_OC1PreloadConfig                              build/stm32f10x_tim.o
TIM_OC2FastConfig                                 build/stm32f10x_tim.o
TIM_OC2Init                                       build/stm32f10x_tim.o
TIM_OC2NPolarityConfig                            build/stm32f10x_tim.o
TIM_OC2PolarityConfig                             build/stm32f10x_tim.o
TIM_OC2PreloadConfig                              build/stm32f10x_tim.o
TIM_OC3FastConfig                                 build/stm32f10x_tim.o
TIM_OC3Init                                       build/stm32f10x_tim.o
TIM_OC3NPolarityConfig                            build/stm32f10x_tim.o
TIM_OC3PolarityConfig                             build/stm32f10x_tim.o
TIM_OC3PreloadConfig                              build/stm32f10x_tim.o
TIM_OC4FastConfig                                 build/stm32f10x_tim.o
TIM_OC4Init                                       build/stm32f10x_tim.o
TIM_OC4PolarityConfig                             build/stm32f10x_tim.o
TIM_OC4PreloadConfig                              build/stm32f10x_tim.o
TIM_OCStructInit                                  build/stm32f10x_tim.o
TIM_PWMIConfig                                    build/stm32f10x_tim.o
TIM_PrescalerConfig                               build/stm32f10x_tim.o
TIM_SelectCCDMA                                   build/stm32f10x_tim.o
TIM_SelectCOM                                     build/stm32f10x_tim.o
TIM_SelectHallSensor                              build/stm32f10x_tim.o
TIM_SelectInputTrigger                            build/stm32f10x_tim.o
TIM_SelectMasterSlaveMode                         build/stm32f10x_tim.o
TIM_SelectOCxM                                    build/stm32f10x_tim.o
TIM_SelectOnePulseMode                            build/stm32f10x_tim.o
                                                  build/tim2_delay.o
TIM_SelectOutputTrigger                           build/stm32f10x_tim.o
TIM_SelectSlaveMode                               build/stm32f10x_tim.o
TIM_SetAutoreload                                 build/stm32f10x_tim.o
TIM_SetClockDivision                              build/stm32f10x_tim.o
TIM_SetCompare1                                   build/stm32f10x_tim.o
TIM_SetCompare2                                   build/stm32f10x_tim.o
TIM_SetCompare3                                   build/stm32f10x_tim.o
TIM_SetCompare4                                   build/stm32f10x_tim.o
TIM_SetCounter                                    build/stm32f10x_tim.o
TIM_SetIC1Prescaler                               build/stm32f10x_tim.o
TIM_SetIC2Prescaler                               build/stm32f10x_tim.o
TIM_SetIC3Prescaler                               build/stm32f10x_tim.o
TIM_SetIC4Prescaler                               build/stm32f10x_tim.o
TIM_TIxExternalClockConfig                        build/stm32f10x_tim.o
TIM_TimeBaseInit                                  build/stm32f10x_tim.o
                                                  build/tim2_delay.o
TIM_TimeBaseStructInit                            build/stm32f10x_tim.o
                                                  build/tim2_delay.o
TIM_UpdateDisableConfig                           build/stm32f10x_tim.o
TIM_UpdateRequestConfig                           build/stm32f10x_tim.o
USART1_IRQHandler                                 ./src/startup.o
USART2_IRQHandler                                 ./src/startup.o
USART3_IRQHandler                                 ./src/startup.o
USART_ClearFlag                                   build/stm32f10x_usart.o
USART_ClearITPendingBit                           build/stm32f10x_usart.o
USART_ClockInit                                   build/stm32f10x_usart.o
USART_ClockStructInit                             build/stm32f10x_usart.o
USART_Cmd                                         build/stm32f10x_usart.o
USART_DMACmd                                      build/stm32f10x_usart.o
USART_DeInit                                      build/stm32f10x_usart.o
USART_GetFlagStatus                               build/stm32f10x_usart.o
USART_GetITStatus                                 build/stm32f10x_usart.o
USART_HalfDuplexCmd                               build/stm32f10x_usart.o
USART_ITConfig                                    build/stm32f10x_usart.o
USART_Init                                        build/stm32f10x_usart.o
USART_IrDACmd                                     build/stm32f10x_usart.o
USART_IrDAConfig                                  build/stm32f10x_usart.o
USART_LINBreakDetectLengthConfig                  build/stm32f10x_usart.o
USART_LINCmd                                      build/stm32f10x_usart.o
USART_OneBitMethodCmd                             build/stm32f10x_usart.o
USART_OverSampling8Cmd                            build/stm32f10x_usart.o
USART_ReceiveData                                 build/stm32f10x_usart.o
USART_ReceiverWakeUpCmd                           build/stm32f10x_usart.o
USART_SendBreak                                   build/stm32f10x_usart.o
USART_SendData                                    build/stm32f10x_usart.o
USART_SetAddress                                  build/stm32f10x_usart.o
USART_SetGuardTime                                build/stm32f10x_usart.o
USART_SetPrescaler                                build/stm32f10x_usart.o
USART_SmartCardCmd                                build/stm32f10x_usart.o
USART_SmartCardNACKCmd                            build/stm32f10x_usart.o
USART_StructInit                                  build/stm32f10x_usart.o
USART_WakeUpConfig                                build/stm32f10x_usart.o
USBWakeUp_IRQHandler                              ./src/startup.o
USB_HP_CAN1_TX_IRQHandler                         ./src/startup.o
USB_LP_CAN1_RX0_IRQHandler                        ./src/startup.o
UsageFault_Handler                                ./src/startup.o
WWDG_IRQHandler                                   ./src/startup.o
_ITM_deregisterTMCloneTable                       /usr/lib/gcc/arm-none-eabi/6.3.1/thumb/v7-m/crtbegin.o
_ITM_registerTMCloneTable                         /usr/lib/gcc/arm-none-eabi/6.3.1/thumb/v7-m/crtbegin.o
_Jv_RegisterClasses                               /usr/lib/gcc/arm-none-eabi/6.3.1/thumb/v7-m/crtbegin.o
__TMC_END__                                       /usr/lib/gcc/arm-none-eabi/6.3.1/thumb/v7-m/crtend.o
                                                  /usr/lib/gcc/arm-none-eabi/6.3.1/thumb/v7-m/crtbegin.o
__bss_end__                                       /usr/lib/gcc/arm-none-eabi/6.3.1/../../../arm-none-eabi/lib/thumb/v7-m/crt0.o
__bss_start__                                     /usr/lib/gcc/arm-none-eabi/6.3.1/../../../arm-none-eabi/lib/thumb/v7-m/crt0.o
__call_exitprocs                                  /usr/lib/gcc/arm-none-eabi/6.3.1/../../../arm-none-eabi/lib/thumb/v7-m/libc.a(lib_a-__call_atexit.o)
                                                  /usr/lib/gcc/arm-none-eabi/6.3.1/../../../arm-none-eabi/lib/thumb/v7-m/libc.a(lib_a-exit.o)
__deregister_frame_info                           /usr/lib/gcc/arm-none-eabi/6.3.1/thumb/v7-m/crtbegin.o
__dso_handle                                      /usr/lib/gcc/arm-none-eabi/6.3.1/thumb/v7-m/crtbegin.o
__fini_array_end                                  /usr/lib/gcc/arm-none-eabi/6.3.1/../../../arm-none-eabi/lib/thumb/v7-m/libc.a(lib_a-fini.o)
__fini_array_start                                /usr/lib/gcc/arm-none-eabi/6.3.1/../../../arm-none-eabi/lib/thumb/v7-m/libc.a(lib_a-fini.o)
__init_array_end                                  /usr/lib/gcc/arm-none-eabi/6.3.1/../../../arm-none-eabi/lib/thumb/v7-m/libc.a(lib_a-init.o)
__init_array_start                                /usr/lib/gcc/arm-none-eabi/6.3.1/../../../arm-none-eabi/lib/thumb/v7-m/libc.a(lib_a-init.o)
__libc_fini                                       /usr/lib/gcc/arm-none-eabi/6.3.1/../../../arm-none-eabi/lib/thumb/v7-m/libc.a(lib_a-__call_atexit.o)
__libc_fini_array                                 /usr/lib/gcc/arm-none-eabi/6.3.1/../../../arm-none-eabi/lib/thumb/v7-m/libc.a(lib_a-fini.o)
                                                  /usr/lib/gcc/arm-none-eabi/6.3.1/../../../arm-none-eabi/lib/thumb/v7-m/libc.a(lib_a-__call_atexit.o)
                                                  /usr/lib/gcc/arm-none-eabi/6.3.1/../../../arm-none-eabi/lib/thumb/v7-m/crt0.o
__libc_init_array                                 /usr/lib/gcc/arm-none-eabi/6.3.1/../../../arm-none-eabi/lib/thumb/v7-m/libc.a(lib_a-init.o)
                                                  /usr/lib/gcc/arm-none-eabi/6.3.1/../../../arm-none-eabi/lib/thumb/v7-m/crt0.o
__preinit_array_end                               /usr/lib/gcc/arm-none-eabi/6.3.1/../../../arm-none-eabi/lib/thumb/v7-m/libc.a(lib_a-init.o)
__preinit_array_start                             /usr/lib/gcc/arm-none-eabi/6.3.1/../../../arm-none-eabi/lib/thumb/v7-m/libc.a(lib_a-init.o)
__register_exitproc                               /usr/lib/gcc/arm-none-eabi/6.3.1/../../../arm-none-eabi/lib/thumb/v7-m/libc.a(lib_a-__atexit.o)
                                                  /usr/lib/gcc/arm-none-eabi/6.3.1/../../../arm-none-eabi/lib/thumb/v7-m/libc.a(lib_a-atexit.o)
__register_frame_info                             /usr/lib/gcc/arm-none-eabi/6.3.1/thumb/v7-m/crtbegin.o
__stack                                           /usr/lib/gcc/arm-none-eabi/6.3.1/../../../arm-none-eabi/lib/thumb/v7-m/crt0.o
_ebss                                             ./src/startup.o
_edata                                            ./src/startup.o
_estack                                           ./src/startup.o
_exit                                             /usr/lib/gcc/arm-none-eabi/6.3.1/../../../arm-none-eabi/lib/thumb/v7-m/libnosys.a(_exit.o)
                                                  /usr/lib/gcc/arm-none-eabi/6.3.1/../../../arm-none-eabi/lib/thumb/v7-m/libc.a(lib_a-exit.o)
_fini                                             /usr/lib/gcc/arm-none-eabi/6.3.1/thumb/v7-m/crti.o
                                                  /usr/lib/gcc/arm-none-eabi/6.3.1/../../../arm-none-eabi/lib/thumb/v7-m/libc.a(lib_a-fini.o)
_global_impure_ptr                                /usr/lib/gcc/arm-none-eabi/6.3.1/../../../arm-none-eabi/lib/thumb/v7-m/libc.a(lib_a-impure.o)
                                                  /usr/lib/gcc/arm-none-eabi/6.3.1/../../../arm-none-eabi/lib/thumb/v7-m/libc.a(lib_a-__call_atexit.o)
                                                  /usr/lib/gcc/arm-none-eabi/6.3.1/../../../arm-none-eabi/lib/thumb/v7-m/libc.a(lib_a-__atexit.o)
                                                  /usr/lib/gcc/arm-none-eabi/6.3.1/../../../arm-none-eabi/lib/thumb/v7-m/libc.a(lib_a-exit.o)
_impure_ptr                                       /usr/lib/gcc/arm-none-eabi/6.3.1/../../../arm-none-eabi/lib/thumb/v7-m/libc.a(lib_a-impure.o)
_init                                             /usr/lib/gcc/arm-none-eabi/6.3.1/thumb/v7-m/crti.o
                                                  /usr/lib/gcc/arm-none-eabi/6.3.1/../../../arm-none-eabi/lib/thumb/v7-m/libc.a(lib_a-init.o)
_mainCRTStartup                                   /usr/lib/gcc/arm-none-eabi/6.3.1/../../../arm-none-eabi/lib/thumb/v7-m/crt0.o
_sbss                                             ./src/startup.o
_sdata                                            ./src/startup.o
_sendCmd                                          build/SSD1331.o
_sendData                                         build/SSD1331.o
_sidata                                           ./src/startup.o
_start                                            /usr/lib/gcc/arm-none-eabi/6.3.1/../../../arm-none-eabi/lib/thumb/v7-m/crt0.o
atexit                                            /usr/lib/gcc/arm-none-eabi/6.3.1/../../../arm-none-eabi/lib/thumb/v7-m/libc.a(lib_a-atexit.o)
                                                  /usr/lib/gcc/arm-none-eabi/6.3.1/../../../arm-none-eabi/lib/thumb/v7-m/libc.a(lib_a-__call_atexit.o)
                                                  /usr/lib/gcc/arm-none-eabi/6.3.1/../../../arm-none-eabi/lib/thumb/v7-m/crt0.o
delay                                             build/main.o
delay_ms                                          build/tim2_delay.o
                                                  build/main.o
delay_us                                          build/tim2_delay.o
                                                  build/main.o
exit                                              /usr/lib/gcc/arm-none-eabi/6.3.1/../../../arm-none-eabi/lib/thumb/v7-m/libc.a(lib_a-exit.o)
                                                  /usr/lib/gcc/arm-none-eabi/6.3.1/../../../arm-none-eabi/lib/thumb/v7-m/crt0.o
f_timer_2_end                                     build/tim2_delay.o
free                                              /usr/lib/gcc/arm-none-eabi/6.3.1/../../../arm-none-eabi/lib/thumb/v7-m/libc.a(lib_a-__call_atexit.o)
g_pfnVectors                                      ./src/startup.o
hardware_init_hook                                /usr/lib/gcc/arm-none-eabi/6.3.1/../../../arm-none-eabi/lib/thumb/v7-m/crt0.o
init_led                                          build/main.o
main                                              build/main.o
                                                  ./src/startup.o
                                                  /usr/lib/gcc/arm-none-eabi/6.3.1/../../../arm-none-eabi/lib/thumb/v7-m/crt0.o
malloc                                            /usr/lib/gcc/arm-none-eabi/6.3.1/../../../arm-none-eabi/lib/thumb/v7-m/libc.a(lib_a-__atexit.o)
memset                                            /usr/lib/gcc/arm-none-eabi/6.3.1/../../../arm-none-eabi/lib/thumb/v7-m/libc.a(lib_a-memset.o)
                                                  /usr/lib/gcc/arm-none-eabi/6.3.1/../../../arm-none-eabi/lib/thumb/v7-m/crt0.o
software_init_hook                                /usr/lib/gcc/arm-none-eabi/6.3.1/../../../arm-none-eabi/lib/thumb/v7-m/crt0.o
wait_and_clear                                    build/main.o
